// Jest Snapshot v1, https://goo.gl/fbAQLP

exports[`test collector category test category 1`] = `
<TouchableOpacity
  disableBuiltInState={true}
  disabled={false}
  fillColor="#3743ab"
  iconStyle={
    Object {
      "borderColor": "#3743ab",
      "borderWidth": 1.3,
    }
  }
  id="box"
  isChecked={false}
  onPress={[Function]}
  size={22}
  style={
    Array [
      Object {
        "alignItems": "center",
        "flexDirection": "row",
      },
      undefined,
    ]
  }
  textStyle={
    Object {
      "color": "black",
      "fontFamily": "JosefinSans-Regular",
      "fontSize": 17,
    }
  }
  unfillColor="#FFFFFF"
>
  <ForwardRef(AnimatedComponentWrapper)
    style={
      Array [
        Object {
          "transform": Array [
            Object {
              "scale": 1,
            },
          ],
        },
        Object {
          "alignItems": "center",
          "backgroundColor": "#FFFFFF",
          "borderColor": "#3743ab",
          "borderRadius": 11,
          "borderWidth": 1,
          "height": 22,
          "justifyContent": "center",
          "width": 22,
        },
        Object {
          "borderColor": "#3743ab",
          "borderWidth": 1.3,
        },
      ]
    }
  />
  <View
    style={
      Array [
        Object {
          "marginLeft": 16,
        },
        undefined,
      ]
    }
  >
    <Text
      style={
        Array [
          Object {
            "color": "#757575",
            "fontSize": 16,
            "textDecorationLine": "none",
          },
          Object {
            "color": "black",
            "fontFamily": "JosefinSans-Regular",
            "fontSize": 17,
          },
        ]
      }
    />
  </View>
</TouchableOpacity>
`;
